// Jest Snapshot v1, https://goo.gl/fbAQLP

exports[`RecipeElement check return elements 1`] = `
<styled.div>
  <styled.button
    background="#3db6f2"
    data-testid="add-button"
    onClick={[Function]}
  >
    <Styled(MuiBox)
      className="makeStyles-container-1"
    >
      <span
        className="makeStyles-text-2"
        data-testid="Add Recipe"
      >
        Add Recipe
      </span>
      <ForwardRef
        name="Add"
      />
    </Styled(MuiBox)>
  </styled.button>
</styled.div>
`;
